✔ exact current repository inventory: 60 active plus 89 retained inactive; twelve actual source bodies/hashes (6.116541ms)
✔ reject published/global/private mismatch (4.432417ms)
✔ reject foreign draft source (2.676125ms)
✔ reject changed raw text fingerprint (3.213916ms)
✔ reject cross-text source span (5.433584ms)
✔ reject offset mutation (3.014375ms)
✔ reject missing essential matrix (2.869667ms)
✔ reject unassessed invented matrix unit (2.940625ms)
✔ reject foreign assessment unit (2.903167ms)
✔ reject missing form IDs (2.865083ms)
✔ reject false human review of independent agent-reviewed draft (2.77675ms)
✔ reject short one-form-only pool (4.619708ms)
✔ reject invented optional mapping (3.02825ms)
✔ reject no mapping and no explicit gap (2.959916ms)
✔ reject no item rationale (3.060625ms)
✔ reject missing correct option (3.400208ms)
✔ reject duplicate option meaning/text (3.355958ms)
✔ reject generic repeated item with new IDs (3.312375ms)
✔ reject equivalent paraphrase keeps assessed unit (3.14575ms)
✔ reject retake shares question (3.460958ms)
✔ reject unbalanced form with foreign task (3.047709ms)
✔ reject missing omitted-category justification (2.911875ms)
✔ reject inventory duplicates/missing source (2.860375ms)
✔ reject false coverage or completed review (2.860958ms)
✔ no public task field contains private keys, rationale, evidence, or complete stored source (0.584542ms)
✔ new sources require their actual distinct pronoun, direction/local case and separable-verb evidence (0.250542ms)
✔ audio alias validation rejects missing, changed, extra and private spoken fields (5.486417ms)
✔ actually absent nominal category accepted only with explicit reason and matching balanced forms (3.87ms)
✔ version-qualified independent review shape allowed; self-review or stale definition evidence rejected (9.973917ms)
✔ all 1152 German audio aliases match public fields; original first288 and review remain frozen (102.169042ms)
✔ original first6 records/576aliases reconstruct exactly after authorized repairs; actual raw references retained (1.552417ms)
✔ new source-specific seller/family/route keys and evidence reflect actual revised passages (0.377708ms)
✔ only M-confirmed33 repairs change first9; original baseline and final10–12 proof remain exact (4.419041ms)
✔ actual evening/doctor/cooking clauses determine keys, pronoun reference, cases and split verbs (0.277917ms)
✔ batch10–12 public-premise regression: formerly hidden facts have explicit practice contexts; author audit covers all72 (1.204917ms)
✔ complete essential-category matrix accepts an empty omission list without inventing content (3.600334ms)
✔ omission reasons remain substantive and missing categories cannot disappear silently (14.644958ms)
✔ known cross-level topics are rejected in both directions despite existing canonical IDs (15.857375ms)
✔ current partial mappings use canonical same-level evidence and retain exact uncovered gaps (1.945667ms)
✔ explicit epoch33 delta exactly reconstructs frozen history while only mapping and honest pending review change (12.108333ms)
✔ current exact M review composes unchanged prior independently reviewed tasks and checked metadata without publication (12.014792ms)
✔ source reader accepts central levels and rejects forged level, mixed-level and duplicate topic metadata (26.897166ms)
✔ next three actual A1.2 sources append15/60 inactive pools with frozen12 Mreviews and1152aliases intact (7.391666ms)
✔ new source-specific answers and public premises distinguish swim ability, invitations and market roles (0.49425ms)
✔ new pools reject duplicated assessed units, shared retake questions and false source spans (15.290417ms)
✔ current new72 have independently varied balanced labels and positions; prior predictable state fails (1.383125ms)
✔ epoch35 exact bijections preserve each correct answer and every other task/core/source/form field (11.578042ms)
✔ new option aliases follow exact bijections/order while old1152 and all German spoken values stay unchanged (8.978417ms)
✔ M exact independent review binds current new3 definitions without rewriting author history or claiming publication (5.694583ms)
✔ current18 validate directly while exact frozen15 Mreviews and1440alias bytes reconstruct unchanged (13.696417ms)
✔ next3 actual sources use exact body/hash, four distinct matrices, balanced disjoint forms and independently varied keys (1.365916ms)
✔ housing/train/library source-specific keys and public time/reference/permission contexts remain explicit (0.14725ms)
✔ new18 regressions reject invalid spans, repeated assessment units, shared forms, crosslevel mappings and stale audio (27.644166ms)
✔ M independent exact18 provenance preserves author history, correct texts and honest publication state (6.689792ms)
✔ current21 validate directly and frozen18 Mreviews/1728alias bytes reconstruct exactly (17.518875ms)
✔ complete next3 pools retain actual level/source/refs and six distinct units percore with independent balanced keys (1.402583ms)
✔ key/stundenplan/workday questions test actual references, boundaries, past morphology and causal syntax (0.160084ms)
✔ new21 regressions reject crosslevel A2 targets, false spans, repeated units/forms, missing audio and all.a keys (33.472041ms)
✔ current age candidate makes grammar and age explicit while correct answer/id and all other20 pools remain exact (2.837583ms)
✔ exact question/review and2alias overlay reconstruct old bytes before historical proofs; actual21 and2016aliases validate (17.444542ms)
✔ old independent definition review and old question audio cannot approve the repaired candidate (9.059083ms)
✔ actual current independent M definitions bind exact independent M provenance including immutable age repair (7.151666ms)
✔ actual24/2304 validate directly; exact frozen21 with repaired age question and2016alias bytes precedes history (31.314583ms)
✔ three A2.1 actual sources and all72 audited items bind exact public/private evidence and independently balanced forms (1.941333ms)
✔ A2 actual past morphology and als/dass/während word order have visible premises and precise samelevel gaps (0.318ms)
✔ actual24 regressions reject source/unit/form/crosslevel/audio defects and wrong A2 keys or hidden premises (55.32275ms)
✔ epoch41 actual24 source repair preserves all other23 definitions/public fields/aliases and exact pre-repair bytes (31.241375ms)
✔ Paket question and vocabulary matrix require the standalone source lexeme; embedded Paketbote prefix is rejected (1.152875ms)
✔ actual all24 independently M-reviewed definitions bind the precise repaired source and current answer texts (9.674667ms)
✔ epoch42 actual27/2592 validate directly with exact frozen M-reviewed24/2304 content and bytes (40.598458ms)
✔ next canonical A2.1sort5–7 bind all72 audited fields, standalone spans, six-unit cores and independent balanced forms (3.988834ms)
✔ source-specific sport/country/club keys and visible premises retain actual comparative, past and bis/weil functions (0.452459ms)
✔ new27 guards reject false spans, missing evidence/rationale/audio, repeated units/forms, crosslevel targets and predictable keys (80.771083ms)
✔ epoch43 actual27 validates and exact old27 bytes restore before history; other26/public/audio remain unchanged (50.508959ms)
✔ club syntax missing list excludes its two evidenced weil skills and retains precisely four genuine gaps (1.129625ms)
✔ epoch44 actual30/2880 validate directly with exact frozen27/2592 content and bytes (54.211083ms)
✔ next canonical A2.1sort8–10 bind all72 audited fields, standalone spans, six-unit cores and independent balanced forms (4.890917ms)
✔ actual heater/group/phone keys keep concessive/time/reporting/conditional/causal clauses and past/comparative premises explicit (0.945542ms)
✔ actual30 negative guards reject false spans, rationale/unit/form/topic/audio defects and wrong new keys/hidden premises (131.049542ms)
✔ actual all30 M-reviewed definitions bind exact source hashes, complete answers and the corrected private mapping (20.030166ms)
✔ epoch45 actual33/3168 validate directly with exact frozen M-reviewed30/2880 content and bytes (69.761334ms)
✔ next canonical A2.2sort1–3 bind all72 audited fields, standalone spans, six-unit cores and independent balanced forms (4.170875ms)
✔ A2.2 actual trip/work/courtyard keys and public contexts distinguish separable arrival, pluperfect, cautious proposal and clauses (0.724125ms)
✔ actual33 guards reject false evidence, repeated units/forms, crosslevel targets, stale audio and wrong A2.2 keys or hidden context (128.446375ms)
✔ epoch46 exact full-task/review/alias delta preserves immutable45 bytes, old30 and every correct answer/id/source/matrix/form (53.345583ms)
✔ repaired A2.2 distractors stay within lexical/modal/temporal/causal/reference fields with explicit pronoun premises (4.003084ms)
✔ actual repaired33/3168 validate and all72 current private/public audit records bind honest new pending reviews (22.709667ms)
✔ actual all33 M-reviewed pools retain all prior proofs and exact repaired semantic distractors (19.802542ms)
✔ epoch47 actual36/3456 validate directly with exact frozen M-reviewed33/3168 content and bytes (63.206208ms)
✔ next canonical A2.2sort4–6 bind all72 audited fields, standalone spans, six-unit cores and independent balanced forms (5.646042ms)
✔ new complaint/study/volunteer questions use plausible confusions and actual indirect clauses, frequency/duration and passive (1.087292ms)
✔ actual36 negative guards reject false source evidence, unit/form/topic/audio defects, wrong passive/key and unrelated distractors (151.063209ms)
✔ actual36 independent M reviews bind exact source and definition while all92 prior checks retain author provenance (26.181375ms)
✔ epoch48 actual39/3744 validate directly with exact frozen M-reviewed36/3456 content and bytes (110.744416ms)
✔ next canonical A2.2sort7–9 bind all72 audited fields, standalone spans, six-unit cores and independent balanced forms (3.625333ms)
✔ new phone/pet/course questions preserve past modality, purpose and degree hindrance with visible premises (0.613625ms)
✔ actual39 negative guards reject spans, missing audio, wrong modality keys and hidden premises (99.371375ms)
✔ actual quality18 repairs bind independent proof, unchanged54 and all previous97 source hashes (36.572667ms)
✔ quality repair mutation cannot silently change unrelated fields, keys or omit current spoken aliases (8.321875ms)
✔ epoch49 exact full-task/core/review/alias overlay preserves quality18 and all99 earlier proofs (67.787709ms)
✔ actual39 repairs bind all72 current audited questions, honest pending reviews and standalone source/matrix evidence (31.18725ms)
✔ repaired public direction, source V2 fronting and finite school agreement measure the declared constructs (31.298291ms)
✔ epoch49 semantic guards reject hidden destination, wrong V2/finite keys, lexical relabeling, stale cores and spoken aliases (173.672333ms)
✔ actual39 independent M repairs review binds exact definitions and all103 historical author checks (24.352584ms)
✔ epoch50 actual42/4032 validate directly with exact frozen M-reviewed39/3744 content and bytes (79.513833ms)
✔ next canonical A2.2A2.2sort10 and B1.1sort1–2 bind all72 audited fields, standalone spans, six-unit cores and independent balanced forms (3.9915ms)
✔ new teacher/career/shopping questions bind actual forms, relative/indirect clauses, temporal/contrast relations and public premises (0.835125ms)
✔ actual42 negative guards reject wrong source/form/mapping/audio and hidden premises or lexical substitution of declared forms (154.321542ms)
✔ quality21 applied42 preserves complete previous manifests before every historical proof and binds actual candidate tasks (37.953083ms)
✔ quality21 keys identities unrelated fields and51unchangedtasks remain exact while stale spokenalias is rejected (9.89225ms)
✔ actual42 M review binds all72 source-supported tasks and preserves quality21/current39 before all110 immutable proofs (28.709792ms)
✔ epoch51 actual45/4320 validate directly with exact frozen M-reviewed42/4032 content and bytes (92.19125ms)
✔ next canonical B1.1sort3–5 bind all72 audited fields, standalone spans, six-unit cores and independent balanced forms (3.228708ms)
✔ new friendship/shared-house/news questions test actual forms, relative clauses, temporal relations and public case premises (1.035125ms)
✔ actual45 negative guards reject false source/units/forms/topics/audio, hidden case context and wrong genuine grammar keys (181.242084ms)
✔ actual45 M review binds all72 B1.1 tasks and preserves full42 before all115 immutable proofs (33.120416ms)
✔ quality32 applied45 preserves complete previous manifests before every historical proof and binds actual candidate tasks (45.381125ms)
✔ quality32 keys identities unrelated fields and64unchangedtasks remain exact while stale spokenalias is rejected (11.5975ms)
✔ epoch52 actual48/4608 validate directly with exact frozen M-reviewed45/4320 content and bytes (90.963084ms)
✔ next canonical B1.1sort6–8 bind all72 audited fields, standalone spans, six-unit cores and independent balanced forms (3.681459ms)
✔ new travel/homeoffice/event questions test genuine forms, clause/negation relations and explicit case/number premises (0.833875ms)
✔ actual48 negative guards reject false sources/forms/topics/audio, hidden public premises and lexical substitutes for verb forms (221.913ms)
✔ actual48 M review binds all72 B1.1 tasks and preserves full45 before all122 immutable proofs (102.208667ms)
✔ epoch53 actual51/4896 validate directly with exact frozen M-reviewed48/4608 content and bytes (289.79975ms)
✔ next canonical B1.1sort9–10 and B1.2sort1 bind all72 audited fields, standalone spans, six-unit cores and independent balanced forms (10.529834ms)
✔ new error/generation/workplace tasks preserve genuine grammar, source-backed omission decisions and pronounceable public questions (1.3085ms)
✔ actual51 negative guards reject historical/source/form/topic/audio defects, hidden premises, synthetic blanks and invented verb forms (205.26375ms)
✔ epoch54 exact two-field/task/review/alias overlay preserves full51 and every127 immutable proof (53.385459ms)
✔ editorial guards reject ambiguous Nachfeld, bare adjective quote and both stale spoken aliases while preserving grammar keys (18.753958ms)
✔ actual51 M review binds all72 B1 tasks and preserves full48 before all129 immutable proofs (17.398833ms)
✔ A1.2 quality31 applied51 preserves complete previous manifests before every historical proof and binds actual candidate tasks (23.902792ms)
✔ A1.2 quality31 keys identities unrelated fields and65unchangedtasks remain exact while stale spokenalias is rejected (5.42025ms)
✔ epoch55 actual54/5184 validate directly with exact frozen M-reviewed51/4896 content and bytes (51.356ms)
✔ next canonical B1.2sort2–4 bind all72 audited fields, standalone spans, six-unit cores and independent balanced forms (1.426333ms)
✔ new public-space/family-study/club questions bind grammar, realistic contexts, actual comparisons and spoken form instructions (0.411542ms)
✔ actual54 negative guards reject source/matrix/form/topic/audio drift, hidden case context, invented forms and synthetic blanks (103.057541ms)
✔ actual54 M review binds all72 B1.2 tasks and preserves full51 before all136 immutable proofs (20.619167ms)
✔ epoch56 actual57/5472 validate directly with exact frozen M-reviewed54/5184 content and bytes (59.404959ms)
✔ next canonical B1.2sort5–7 bind all72 audited fields, standalone spans, six-unit cores and independent balanced forms (1.979125ms)
✔ epoch56 source-specific verb keys, genuine omissions and spoken public prompts (0.454833ms)
✔ epoch56 wrong source, empty rationale, repeated matrix unit, overlapping forms, missing audio and mutated keys reject (88.969542ms)
✔ actual57 M review binds all72 B1.2 tasks and preserves full54 before all141 immutable proofs (210.118416ms)
✔ Dativ of jemand never rejects the valid unflected alternative and frozen author56 remains independently reconstructible (7.150833ms)
✔ epoch57 actual60/5760 validate directly with exact frozen M-reviewed57/5472 content and bytes (146.812166ms)
✔ next canonical B1.2sort8–10 bind all72 audited fields, standalone spans, six-unit cores and independent balanced forms (3.242333ms)
✔ final60 source-specific54 grammar keys, authentic comparisons and spoken case/direction premises (0.74425ms)
✔ final60 source/matrix/forms/mapping/audio and grammar negative mutations reject (115.2725ms)
✔ M independent final60 review binds all72 tasks and preserves full57 and every147 immutable proof (21.710375ms)
✔ final60 independent review rejects changed source, question, correct key and stale audio binding (65.412667ms)
✔ A22 fullaudit7 precise repairs preserve all149 immutable proofs and1433 other tasks (80.037333ms)
✔ A22 sourceconstruct and public wish context are explicit; stale audio/source/key mutations reject (31.069875ms)
✔ A12 remaining54 preserve151 historical proofs and bind all six new definitions (58.62775ms)
✔ Changed A12 constructs cannot reuse old equivalence keys or stale matrix/audio (31.27575ms)
✔ B11 fullaudit13 precise repairs preserve all153 immutable proofs and1427 other tasks (67.096291ms)
✔ B11 public reflexive and no-zu instructions reject stale audio and reviewed-definition drift (46.319083ms)
✔ B12 fullaudit4 precise repairs preserve all155 immutable proofs and1436 other tasks (93.076ms)
✔ B12 location prompt hides solved article; private explanation and no-zu directions are precise (35.246125ms)
✔ Audio-safe233 rebasing preserves all157 immutable proofs,1440keys and outside repairs (133.305208ms)
✔ Audio-safe233 real distractors, explicit wenig constraint and stale audio rejection (64.4635ms)
✔ AudioFinal5 preserves all159 immutable proofs and1440stablekeys (125.7655ms)
✔ AudioFinal5 sourcebound newconstructs cannot reuse oldequivalence or staleaudio (60.800167ms)
✔ A21Quality198 preserves all161 immutable proofs and1440stablekeys (143.247375ms)
✔ A21Quality198 sourcebound newconstructs cannot reuse oldequivalence or staleaudio (64.2715ms)
✔ reviewed59 actual current60/5760 sources validate separately from163 unchanged historical assertions (212.950625ms)
✔ reviewed59 rejects invalid new review SHA (53.393833ms)
✔ reviewed59 rejects stale native definition hash (61.331125ms)
✔ reviewed59 rejects protected answer key even with recomputed review hash (47.429916ms)
✔ reviewed59 rejects protected task ID (46.648625ms)
✔ reviewed59 rejects protected option order (40.437042ms)
✔ reviewed59 rejects source span drift (54.798833ms)
✔ reviewed59 rejects changed published activation (47.064292ms)
✔ reviewed59 rejects old89 drift (51.367625ms)
✔ reviewed59 rejects review form drift (43.9055ms)
✔ reviewed59 rejects unreviewed current prompt (47.24125ms)
✔ reviewed59 rejects stale matrix unit (50.703041ms)
✔ reviewed59 rejects stale equivalence key (44.958042ms)
✔ reviewed59 rejects stale, missing and foreign actual audio aliases (208.963792ms)
✔ reviewed59 rejects altered source bytes and coordinated current/review rebaseline (72.792042ms)
ℹ tests 178
ℹ suites 0
ℹ pass 178
ℹ fail 0
ℹ cancelled 0
ℹ skipped 0
ℹ todo 0
ℹ duration_ms 7436.986458
